[0.000000] (-) TimerEvent: {}
[0.000326] (maze_bot) JobQueued: {'identifier': 'maze_bot', 'dependencies': OrderedDict()}
[0.000622] (maze_bot) JobStarted: {'identifier': 'maze_bot'}
[0.100076] (-) TimerEvent: {}
[0.200317] (-) TimerEvent: {}
[0.288916] (maze_bot) Command: {'cmd': ['/usr/bin/python3', '-W', 'ignore:setup.py install is deprecated', '-W', 'ignore:easy_install command is deprecated', 'setup.py', 'egg_info', '--egg-base', '../../build/maze_bot', 'build', '--build-base', '/home/rushil/Desktop/maze_ws/build/maze_bot/build', 'install', '--record', '/home/rushil/Desktop/maze_ws/build/maze_bot/install.log', '--single-version-externally-managed', 'install_data'], 'cwd': '/home/rushil/Desktop/maze_ws/src/maze_bot', 'env': {'GJS_DEBUG_TOPICS': 'JS ERROR;JS LOG', 'LESSOPEN': '| /usr/bin/lesspipe %s', 'VSCODE_CWD': '/home/rushil', 'LANGUAGE': 'en_IN:en', 'USER': 'rushil', 'VSCODE_NLS_CONFIG': '{"userLocale":"en-gb","osLocale":"en-in","resolvedLanguage":"en","defaultMessagesFile":"/usr/share/antigravity/resources/app/out/nls.messages.json","locale":"en-gb","availableLanguages":{}}', 'XDG_SESSION_TYPE': 'wayland', 'SHLVL': '0', 'LD_LIBRARY_PATH': '/usr/lib/x86_64-linux-gnu/gazebo-11/plugins:/opt/ros/humble/opt/rviz_ogre_vendor/lib:/opt/ros/humble/lib/x86_64-linux-gnu:/opt/ros/humble/lib', 'HOME': '/home/rushil', 'CHROME_DESKTOP': 'antigravity.desktop', 'OLDPWD': '/home/rushil/Desktop/maze_ws', 'DESKTOP_SESSION': 'ubuntu', 'VSCODE_IPC_HOOK': '/run/user/1000/vscode-2123183d-1.10-main.sock', 'GIO_LAUNCHED_DESKTOP_FILE': '/usr/share/applications/antigravity.desktop', 'ROS_PYTHON_VERSION': '3', 'GNOME_SHELL_SESSION_MODE': 'ubuntu', 'GTK_MODULES': 'gail:atk-bridge', 'PAGER': 'cat', 'MANAGERPID': '1685', 'SYSTEMD_EXEC_PID': '1858', 'IM_CONFIG_CHECK_ENV': '1', 'DBUS_SESSION_BUS_ADDRESS': 'unix:path=/run/user/1000/bus', 'ANTIGRAVITY_AGENT': '1', 'GIO_LAUNCHED_DESKTOP_FILE_PID': '4254', 'IM_CONFIG_PHASE': '1', 'WAYLAND_DISPLAY': 'wayland-0', 'ROS_DISTRO': 'humble', 'LOGNAME': 'rushil', 'JOURNAL_STREAM': '8:3544', '_': '/usr/bin/colcon', 'ROS_VERSION': '2', 'XDG_SESSION_CLASS': 'user', 'USERNAME': 'rushil', 'TERM': 'dumb', 'GNOME_DESKTOP_SESSION_ID': 'this-is-deprecated', 'FC_FONTATIONS': '1', 'ROS_LOCALHOST_ONLY': '0', 'ANTIGRAVITY_EDITOR_APP_ROOT': '/usr/share/antigravity/resources/app', 'PATH': '/opt/ros/humble/bin:/usr/local/sbin:/usr/local/bin:/usr/sbin:/usr/bin:/sbin:/bin:/usr/games:/usr/local/games:/snap/bin:/snap/bin', 'SESSION_MANAGER': 'local/rushil-ASUS-TUF-Gaming-F15-FX507ZV4-FX507ZV4:@/tmp/.ICE-unix/1827,unix/rushil-ASUS-TUF-Gaming-F15-FX507ZV4-FX507ZV4:/tmp/.ICE-unix/1827', 'INVOCATION_ID': '4f09044c9b30473ebc3c5ffcaf881cb4', 'XDG_MENU_PREFIX': 'gnome-', 'GNOME_SETUP_DISPLAY': ':1', 'XDG_RUNTIME_DIR': '/run/user/1000', 'GDK_BACKEND': 'wayland', 'DISPLAY': ':0', 'LANG': 'en_US.UTF-8', 'XDG_CURRENT_DESKTOP': 'ubuntu:GNOME', 'XMODIFIERS': '@im=ibus', 'XDG_SESSION_DESKTOP': 'ubuntu', 'XAUTHORITY': '/run/user/1000/.mutter-Xwaylandauth.VZVFO3', 'LS_COLORS': '', 'SSH_AGENT_LAUNCHER': 'gnome-keyring', 'SSH_AUTH_SOCK': '/run/user/1000/keyring/ssh', 'AMENT_PREFIX_PATH': '/opt/ros/humble', 'SHELL': '/bin/bash', 'QT_ACCESSIBILITY': '1', 'GDMSESSION': 'ubuntu', 'LESSCLOSE': '/usr/bin/lesspipe %s %s', 'GJS_DEBUG_OUTPUT': 'stderr', 'QT_IM_MODULE': 'ibus', 'ANTIGRAVITY_TRAJECTORY_ID': 'ff02cd06-dd82-4ae6-80a1-924ae77bc58d', 'PWD': '/home/rushil/Desktop/maze_ws/build/maze_bot', 'LC_ALL': 'en_US.UTF-8', 'XDG_CONFIG_DIRS': '/etc/xdg/xdg-ubuntu:/etc/xdg', 'VSCODE_CODE_CACHE_PATH': '/home/rushil/.config/Antigravity/CachedData/15487b3041e65228cae24980a3f796c905ef582c', 'XDG_DATA_DIRS': '/usr/share/ubuntu:/usr/local/share/:/usr/share/:/var/lib/snapd/desktop', 'PYTHONPATH': '/home/rushil/Desktop/maze_ws/build/maze_bot/prefix_override:/usr/lib/python3/dist-packages/colcon_core/task/python/colcon_distutils_commands:/home/rushil/Desktop/maze_ws/install/maze_bot/lib/python3.10/site-packages:/opt/ros/humble/lib/python3.10/site-packages:/opt/ros/humble/local/lib/python3.10/dist-packages', 'COLCON': '1', 'VSCODE_PID': '4254'}, 'shell': False}
[0.300491] (-) TimerEvent: {}
[0.398632] (maze_bot) StdoutLine: {'line': b'running egg_info\n'}
[0.399162] (maze_bot) StdoutLine: {'line': b'writing ../../build/maze_bot/maze_bot.egg-info/PKG-INFO\n'}
[0.399236] (maze_bot) StdoutLine: {'line': b'writing dependency_links to ../../build/maze_bot/maze_bot.egg-info/dependency_links.txt\n'}
[0.399283] (maze_bot) StdoutLine: {'line': b'writing entry points to ../../build/maze_bot/maze_bot.egg-info/entry_points.txt\n'}
[0.399317] (maze_bot) StdoutLine: {'line': b'writing requirements to ../../build/maze_bot/maze_bot.egg-info/requires.txt\n'}
[0.399345] (maze_bot) StdoutLine: {'line': b'writing top-level names to ../../build/maze_bot/maze_bot.egg-info/top_level.txt\n'}
[0.400059] (maze_bot) StdoutLine: {'line': b"reading manifest file '../../build/maze_bot/maze_bot.egg-info/SOURCES.txt'\n"}
[0.400547] (-) TimerEvent: {}
[0.400727] (maze_bot) StdoutLine: {'line': b"writing manifest file '../../build/maze_bot/maze_bot.egg-info/SOURCES.txt'\n"}
[0.400768] (maze_bot) StdoutLine: {'line': b'running build\n'}
[0.400806] (maze_bot) StdoutLine: {'line': b'running build_py\n'}
[0.400917] (maze_bot) StdoutLine: {'line': b'copying maze_bot/controller.py -> /home/rushil/Desktop/maze_ws/build/maze_bot/build/lib/maze_bot\n'}
[0.401054] (maze_bot) StdoutLine: {'line': b'running install\n'}
[0.401200] (maze_bot) StdoutLine: {'line': b'running install_lib\n'}
[0.401375] (maze_bot) StdoutLine: {'line': b'copying /home/rushil/Desktop/maze_ws/build/maze_bot/build/lib/maze_bot/controller.py -> /home/rushil/Desktop/maze_ws/install/maze_bot/lib/python3.10/site-packages/maze_bot\n'}
[0.401726] (maze_bot) StdoutLine: {'line': b'byte-compiling /home/rushil/Desktop/maze_ws/install/maze_bot/lib/python3.10/site-packages/maze_bot/controller.py to controller.cpython-310.pyc\n'}
[0.402389] (maze_bot) StdoutLine: {'line': b'running install_data\n'}
[0.402503] (maze_bot) StdoutLine: {'line': b'copying launch/maze.launch.py -> /home/rushil/Desktop/maze_ws/install/maze_bot/share/maze_bot/launch\n'}
[0.402665] (maze_bot) StdoutLine: {'line': b'copying worlds/maze.world -> /home/rushil/Desktop/maze_ws/install/maze_bot/share/maze_bot/worlds\n'}
[0.402713] (maze_bot) StdoutLine: {'line': b'running install_egg_info\n'}
[0.403697] (maze_bot) StdoutLine: {'line': b"removing '/home/rushil/Desktop/maze_ws/install/maze_bot/lib/python3.10/site-packages/maze_bot-0.0.0-py3.10.egg-info' (and everything under it)\n"}
[0.403777] (maze_bot) StdoutLine: {'line': b'Copying ../../build/maze_bot/maze_bot.egg-info to /home/rushil/Desktop/maze_ws/install/maze_bot/lib/python3.10/site-packages/maze_bot-0.0.0-py3.10.egg-info\n'}
[0.404078] (maze_bot) StdoutLine: {'line': b'running install_scripts\n'}
[0.416652] (maze_bot) StdoutLine: {'line': b'Installing controller script to /home/rushil/Desktop/maze_ws/install/maze_bot/lib/maze_bot\n'}
[0.416750] (maze_bot) StdoutLine: {'line': b"writing list of installed files to '/home/rushil/Desktop/maze_ws/build/maze_bot/install.log'\n"}
[0.429728] (maze_bot) CommandEnded: {'returncode': 0}
[0.437124] (maze_bot) JobEnded: {'identifier': 'maze_bot', 'rc': 0}
[0.437305] (-) EventReactorShutdown: {}
