[0.332s] Invoking command in '/home/rushil/Desktop/maze_ws/build/maze_bot': PYTHONPATH=/home/rushil/Desktop/maze_ws/build/maze_bot/prefix_override:/usr/lib/python3/dist-packages/colcon_core/task/python/colcon_distutils_commands:/home/rushil/Desktop/maze_ws/install/maze_bot/lib/python3.10/site-packages:${PYTHONPATH} /usr/bin/python3 -W ignore:setup.py install is deprecated -W ignore:easy_install command is deprecated setup.py develop --uninstall --editable --build-directory /home/rushil/Desktop/maze_ws/build/maze_bot/build
[0.453s] running develop
[0.519s] Removing /home/rushil/Desktop/maze_ws/install/maze_bot/lib/python3.10/site-packages/maze-bot.egg-link (link to .)
[0.531s] Invoked command in '/home/rushil/Desktop/maze_ws/build/maze_bot' returned '0': PYTHONPATH=/home/rushil/Desktop/maze_ws/build/maze_bot/prefix_override:/usr/lib/python3/dist-packages/colcon_core/task/python/colcon_distutils_commands:/home/rushil/Desktop/maze_ws/install/maze_bot/lib/python3.10/site-packages:${PYTHONPATH} /usr/bin/python3 -W ignore:setup.py install is deprecated -W ignore:easy_install command is deprecated setup.py develop --uninstall --editable --build-directory /home/rushil/Desktop/maze_ws/build/maze_bot/build
[0.532s] Invoking command in '/home/rushil/Desktop/maze_ws/src/maze_bot': PYTHONPATH=/home/rushil/Desktop/maze_ws/build/maze_bot/prefix_override:/usr/lib/python3/dist-packages/colcon_core/task/python/colcon_distutils_commands:/home/rushil/Desktop/maze_ws/install/maze_bot/lib/python3.10/site-packages:${PYTHONPATH} /usr/bin/python3 -W ignore:setup.py install is deprecated -W ignore:easy_install command is deprecated setup.py egg_info --egg-base ../../build/maze_bot build --build-base /home/rushil/Desktop/maze_ws/build/maze_bot/build install --record /home/rushil/Desktop/maze_ws/build/maze_bot/install.log --single-version-externally-managed install_data --force
[0.645s] running egg_info
[0.646s] writing ../../build/maze_bot/maze_bot.egg-info/PKG-INFO
[0.646s] writing dependency_links to ../../build/maze_bot/maze_bot.egg-info/dependency_links.txt
[0.646s] writing entry points to ../../build/maze_bot/maze_bot.egg-info/entry_points.txt
[0.646s] writing requirements to ../../build/maze_bot/maze_bot.egg-info/requires.txt
[0.646s] writing top-level names to ../../build/maze_bot/maze_bot.egg-info/top_level.txt
[0.647s] reading manifest file '../../build/maze_bot/maze_bot.egg-info/SOURCES.txt'
[0.649s] writing manifest file '../../build/maze_bot/maze_bot.egg-info/SOURCES.txt'
[0.649s] running build
[0.649s] running build_py
[0.649s] creating /home/rushil/Desktop/maze_ws/build/maze_bot/build
[0.649s] creating /home/rushil/Desktop/maze_ws/build/maze_bot/build/lib
[0.649s] creating /home/rushil/Desktop/maze_ws/build/maze_bot/build/lib/maze_bot
[0.649s] copying maze_bot/controller.py -> /home/rushil/Desktop/maze_ws/build/maze_bot/build/lib/maze_bot
[0.649s] copying maze_bot/__init__.py -> /home/rushil/Desktop/maze_ws/build/maze_bot/build/lib/maze_bot
[0.649s] running install
[0.649s] running install_lib
[0.650s] creating /home/rushil/Desktop/maze_ws/install/maze_bot/lib/python3.10/site-packages/maze_bot
[0.650s] copying /home/rushil/Desktop/maze_ws/build/maze_bot/build/lib/maze_bot/controller.py -> /home/rushil/Desktop/maze_ws/install/maze_bot/lib/python3.10/site-packages/maze_bot
[0.650s] copying /home/rushil/Desktop/maze_ws/build/maze_bot/build/lib/maze_bot/__init__.py -> /home/rushil/Desktop/maze_ws/install/maze_bot/lib/python3.10/site-packages/maze_bot
[0.650s] byte-compiling /home/rushil/Desktop/maze_ws/install/maze_bot/lib/python3.10/site-packages/maze_bot/controller.py to controller.cpython-310.pyc
[0.651s] byte-compiling /home/rushil/Desktop/maze_ws/install/maze_bot/lib/python3.10/site-packages/maze_bot/__init__.py to __init__.cpython-310.pyc
[0.651s] running install_data
[0.651s] copying resource/maze_bot -> /home/rushil/Desktop/maze_ws/install/maze_bot/share/ament_index/resource_index/packages
[0.651s] copying package.xml -> /home/rushil/Desktop/maze_ws/install/maze_bot/share/maze_bot
[0.651s] copying launch/maze.launch.py -> /home/rushil/Desktop/maze_ws/install/maze_bot/share/maze_bot/launch
[0.651s] copying worlds/maze.world -> /home/rushil/Desktop/maze_ws/install/maze_bot/share/maze_bot/worlds
[0.651s] copying urdf/robot.urdf -> /home/rushil/Desktop/maze_ws/install/maze_bot/share/maze_bot/urdf
[0.652s] creating /home/rushil/Desktop/maze_ws/install/maze_bot/share/maze_bot/rviz
[0.652s] copying rviz/maze_bot.rviz -> /home/rushil/Desktop/maze_ws/install/maze_bot/share/maze_bot/rviz
[0.652s] running install_egg_info
[0.653s] Copying ../../build/maze_bot/maze_bot.egg-info to /home/rushil/Desktop/maze_ws/install/maze_bot/lib/python3.10/site-packages/maze_bot-0.0.0-py3.10.egg-info
[0.653s] running install_scripts
[0.664s] Installing controller script to /home/rushil/Desktop/maze_ws/install/maze_bot/bin
[0.664s] writing list of installed files to '/home/rushil/Desktop/maze_ws/build/maze_bot/install.log'
[0.676s] Invoked command in '/home/rushil/Desktop/maze_ws/src/maze_bot' returned '0': PYTHONPATH=/home/rushil/Desktop/maze_ws/build/maze_bot/prefix_override:/usr/lib/python3/dist-packages/colcon_core/task/python/colcon_distutils_commands:/home/rushil/Desktop/maze_ws/install/maze_bot/lib/python3.10/site-packages:${PYTHONPATH} /usr/bin/python3 -W ignore:setup.py install is deprecated -W ignore:easy_install command is deprecated setup.py egg_info --egg-base ../../build/maze_bot build --build-base /home/rushil/Desktop/maze_ws/build/maze_bot/build install --record /home/rushil/Desktop/maze_ws/build/maze_bot/install.log --single-version-externally-managed install_data --force
