running egg_info
writing ../../build/maze_bot/maze_bot.egg-info/PKG-INFO
writing dependency_links to ../../build/maze_bot/maze_bot.egg-info/dependency_links.txt
writing entry points to ../../build/maze_bot/maze_bot.egg-info/entry_points.txt
writing requirements to ../../build/maze_bot/maze_bot.egg-info/requires.txt
writing top-level names to ../../build/maze_bot/maze_bot.egg-info/top_level.txt
reading manifest file '../../build/maze_bot/maze_bot.egg-info/SOURCES.txt'
writing manifest file '../../build/maze_bot/maze_bot.egg-info/SOURCES.txt'
running build
running build_py
copying maze_bot/controller.py -> /home/rushil/Desktop/maze_ws/build/maze_bot/build/lib/maze_bot
running install
running install_lib
copying /home/rushil/Desktop/maze_ws/build/maze_bot/build/lib/maze_bot/controller.py -> /home/rushil/Desktop/maze_ws/install/maze_bot/lib/python3.10/site-packages/maze_bot
byte-compiling /home/rushil/Desktop/maze_ws/install/maze_bot/lib/python3.10/site-packages/maze_bot/controller.py to controller.cpython-310.pyc
running install_data
copying launch/maze.launch.py -> /home/rushil/Desktop/maze_ws/install/maze_bot/share/maze_bot/launch
running install_egg_info
removing '/home/rushil/Desktop/maze_ws/install/maze_bot/lib/python3.10/site-packages/maze_bot-0.0.0-py3.10.egg-info' (and everything under it)
Copying ../../build/maze_bot/maze_bot.egg-info to /home/rushil/Desktop/maze_ws/install/maze_bot/lib/python3.10/site-packages/maze_bot-0.0.0-py3.10.egg-info
running install_scripts
Installing controller script to /home/rushil/Desktop/maze_ws/install/maze_bot/bin
writing list of installed files to '/home/rushil/Desktop/maze_ws/build/maze_bot/install.log'
