running develop
running egg_info
creating maze_bot.egg-info
writing maze_bot.egg-info/PKG-INFO
writing dependency_links to maze_bot.egg-info/dependency_links.txt
writing entry points to maze_bot.egg-info/entry_points.txt
writing requirements to maze_bot.egg-info/requires.txt
writing top-level names to maze_bot.egg-info/top_level.txt
writing manifest file 'maze_bot.egg-info/SOURCES.txt'
reading manifest file 'maze_bot.egg-info/SOURCES.txt'
writing manifest file 'maze_bot.egg-info/SOURCES.txt'
running build_ext
Creating /home/rushil/Desktop/maze_ws/install/maze_bot/lib/python3.10/site-packages/maze-bot.egg-link (link to .)
Installing controller script to /home/rushil/Desktop/maze_ws/install/maze_bot/bin

Installed /home/rushil/Desktop/maze_ws/build/maze_bot
running symlink_data
creating /home/rushil/Desktop/maze_ws/install/maze_bot/share/ament_index
creating /home/rushil/Desktop/maze_ws/install/maze_bot/share/ament_index/resource_index
creating /home/rushil/Desktop/maze_ws/install/maze_bot/share/ament_index/resource_index/packages
symbolically linking /home/rushil/Desktop/maze_ws/build/maze_bot/resource/maze_bot -> /home/rushil/Desktop/maze_ws/install/maze_bot/share/ament_index/resource_index/packages
symbolically linking /home/rushil/Desktop/maze_ws/build/maze_bot/package.xml -> /home/rushil/Desktop/maze_ws/install/maze_bot/share/maze_bot
creating /home/rushil/Desktop/maze_ws/install/maze_bot/share/maze_bot/launch
symbolically linking /home/rushil/Desktop/maze_ws/build/maze_bot/launch/maze.launch.py -> /home/rushil/Desktop/maze_ws/install/maze_bot/share/maze_bot/launch
creating /home/rushil/Desktop/maze_ws/install/maze_bot/share/maze_bot/worlds
symbolically linking /home/rushil/Desktop/maze_ws/build/maze_bot/worlds/maze.world -> /home/rushil/Desktop/maze_ws/install/maze_bot/share/maze_bot/worlds
creating /home/rushil/Desktop/maze_ws/install/maze_bot/share/maze_bot/urdf
symbolically linking /home/rushil/Desktop/maze_ws/build/maze_bot/urdf/robot.urdf -> /home/rushil/Desktop/maze_ws/install/maze_bot/share/maze_bot/urdf
